semantic error: Arguments to dprod must be real(4)
 --> tests/errors/dprod_01.f90:2:13
  |
2 |     print*, dprod(4.23_8, 4.3_8)
  |             ^^^^^^^^^^^^^^^^^^^^ 
