(TranslationUnit
    (SymbolTable
        1
        {
            allocate_04:
                (Program
                    (SymbolTable
                        2
                        {
                            c:
                                (Variable
                                    2
                                    c
                                    []
                                    Local
                                    ()
                                    ()
                                    Allocatable
                                    (Integer 4 [(()
                                    ())
                                    (()
                                    ())
                                    (()
                                    ())])
                                    Source
                                    Public
                                    Required
                                    .false.
                                ),
                            string:
                                (Variable
                                    2
                                    string
                                    []
                                    Local
                                    ()
                                    ()
                                    Allocatable
                                    (Character 1 -2 () [])
                                    Source
                                    Public
                                    Required
                                    .false.
                                )
                        })
                    allocate_04
                    []
                    [(Allocate
                        [((Var 2 string)
                        [])]
                        ()
                        ()
                        ()
                    )
                    (Allocate
                        [((Var 2 c)
                        [((IntegerConstant 1 (Integer 4 []))
                        (IntegerConstant 3 (Integer 4 [])))
                        ((IntegerConstant 1 (Integer 4 []))
                        (IntegerConstant 3 (Integer 4 [])))
                        ((IntegerConstant 1 (Integer 4 []))
                        (IntegerConstant 3 (Integer 4 [])))])]
                        ()
                        ()
                        ()
                    )
                    (ImplicitDeallocate
                        [(Var 2 c)
                        (Var 2 string)]
                    )]
                )
        })
    []
)
