(TranslationUnit
    (SymbolTable
        1
        {
            test_time_and_date:
                (Program
                    (SymbolTable
                        2
                        {
                            date:
                                (Variable
                                    2
                                    date
                                    []
                                    Local
                                    ()
                                    ()
                                    Default
                                    (Character 1 8 () PointerString)
                                    ()
                                    Source
                                    Public
                                    Required
                                    .false.
                                ),
                            time:
                                (Variable
                                    2
                                    time
                                    []
                                    Local
                                    ()
                                    ()
                                    Default
                                    (Character 1 10 () PointerString)
                                    ()
                                    Source
                                    Public
                                    Required
                                    .false.
                                ),
                            values:
                                (Variable
                                    2
                                    values
                                    []
                                    Local
                                    ()
                                    ()
                                    Default
                                    (Array
                                        (Integer 4)
                                        [((IntegerConstant 1 (Integer 4) Decimal)
                                        (IntegerConstant 8 (Integer 4) Decimal))]
                                        FixedSizeArray
                                    )
                                    ()
                                    Source
                                    Public
                                    Required
                                    .false.
                                ),
                            zone:
                                (Variable
                                    2
                                    zone
                                    []
                                    Local
                                    ()
                                    ()
                                    Default
                                    (Character 1 5 () PointerString)
                                    ()
                                    Source
                                    Public
                                    Required
                                    .false.
                                )
                        })
                    test_time_and_date
                    []
                    [(IntrinsicImpureSubroutine
                        DateAndTime
                        [(Var 2 date)
                        (Var 2 time)
                        (Var 2 zone)
                        (Var 2 values)]
                        0
                    )
                    (Print
                        (StringFormat
                            (StringConstant
                                "(a,2x,a,2x,a)"
                                (Character 1 13 () PointerString)
                            )
                            [(Var 2 date)
                            (Var 2 time)
                            (Var 2 zone)]
                            FormatFortran
                            (Character -1 0 () PointerString)
                            ()
                        )
                    )
                    (Print
                        (StringFormat
                            (StringConstant
                                "(8i5)"
                                (Character 1 5 () PointerString)
                            )
                            [(Var 2 values)]
                            FormatFortran
                            (Character -1 0 () PointerString)
                            ()
                        )
                    )]
                )
        })
    []
)
