(TranslationUnit
    (SymbolTable
        1
        {
            tomlf_de_tokenizer:
                (Module
                    (SymbolTable
                        2
                        {
                            parse_select:
                                (Function
                                    (SymbolTable
                                        5
                                        {
                                            de:
                                                (Variable
                                                    5
                                                    de
                                                    []
                                                    InOut
                                                    ()
                                                    ()
                                                    Default
                                                    (Class
                                                        2 toml_tokenizer
                                                        []
                                                    )
                                                    Source
                                                    Public
                                                    Required
                                                    .false.
                                                ),
                                            table:
                                                (Variable
                                                    5
                                                    table
                                                    []
                                                    Local
                                                    ()
                                                    ()
                                                    Default
                                                    (Pointer
                                                        (Struct
                                                            2 toml_table
                                                            []
                                                        )
                                                    )
                                                    Source
                                                    Public
                                                    Required
                                                    .false.
                                                )
                                        })
                                    parse_select
                                    []
                                    [(Var 5 de)]
                                    [(Nullify
                                        [5 table]
                                    )
                                    (=>
                                        (StructInstanceMember
                                            (Var 5 de)
                                            4 current
                                            (Pointer
                                                (Struct
                                                    2 toml_table
                                                    []
                                                )
                                            )
                                            ()
                                        )
                                        (Var 5 table)
                                    )]
                                    ()
                                    Source
                                    Public
                                    Implementation
                                    ()
                                    .false.
                                    .false.
                                    .false.
                                    .false.
                                    .false.
                                    []
                                    []
                                    .false.
                                ),
                            toml_table:
                                (StructType
                                    (SymbolTable
                                        3
                                        {
                                            inline:
                                                (Variable
                                                    3
                                                    inline
                                                    []
                                                    Local
                                                    (LogicalConstant
                                                        .false.
                                                        (Logical 4 [])
                                                    )
                                                    ()
                                                    Save
                                                    (Logical 4 [])
                                                    Source
                                                    Public
                                                    Required
                                                    .false.
                                                )
                                        })
                                    toml_table
                                    []
                                    [inline]
                                    Source
                                    Public
                                    .false.
                                    ()
                                    ()
                                ),
                            toml_tokenizer:
                                (StructType
                                    (SymbolTable
                                        4
                                        {
                                            current:
                                                (Variable
                                                    4
                                                    current
                                                    []
                                                    Local
                                                    (PointerNullConstant
                                                        (Pointer
                                                            (Struct
                                                                2 toml_table
                                                                []
                                                            )
                                                        )
                                                    )
                                                    ()
                                                    Default
                                                    (Pointer
                                                        (Struct
                                                            2 toml_table
                                                            []
                                                        )
                                                    )
                                                    Source
                                                    Public
                                                    Required
                                                    .false.
                                                )
                                        })
                                    toml_tokenizer
                                    [toml_table]
                                    [current]
                                    Source
                                    Public
                                    .false.
                                    ()
                                    ()
                                )
                        })
                    tomlf_de_tokenizer
                    []
                    .false.
                    .false.
                )
        })
    []
)
