(TranslationUnit
    (SymbolTable
        1
        {
            fpm_targets:
                (Module
                    (SymbolTable
                        2
                        {
                            build_target_ptr:
                                (StructType
                                    (SymbolTable
                                        3
                                        {
                                            ptr:
                                                (Variable
                                                    3
                                                    ptr
                                                    []
                                                    Local
                                                    (PointerNullConstant
                                                        (Pointer
                                                            (Struct
                                                                2 build_target_t
                                                                []
                                                            )
                                                        )
                                                    )
                                                    ()
                                                    Default
                                                    (Pointer
                                                        (Struct
                                                            2 build_target_t
                                                            []
                                                        )
                                                    )
                                                    Source
                                                    Public
                                                    Required
                                                    .false.
                                                )
                                        })
                                    build_target_ptr
                                    [build_target_t]
                                    [ptr]
                                    Source
                                    Public
                                    .false.
                                    ()
                                    ()
                                ),
                            build_target_t:
                                (StructType
                                    (SymbolTable
                                        4
                                        {
                                            output_file:
                                                (Variable
                                                    4
                                                    output_file
                                                    []
                                                    Local
                                                    ()
                                                    ()
                                                    Allocatable
                                                    (Character 1 -2 () [])
                                                    Source
                                                    Public
                                                    Required
                                                    .false.
                                                ),
                                            version:
                                                (Variable
                                                    4
                                                    version
                                                    []
                                                    Local
                                                    ()
                                                    ()
                                                    Allocatable
                                                    (Character 1 -2 () [])
                                                    Source
                                                    Public
                                                    Required
                                                    .false.
                                                )
                                        })
                                    build_target_t
                                    []
                                    [output_file
                                    version]
                                    Source
                                    Public
                                    .false.
                                    ()
                                    ()
                                )
                        })
                    fpm_targets
                    []
                    .false.
                    .false.
                ),
            modules_32:
                (Program
                    (SymbolTable
                        5
                        {
                            
                        })
                    modules_32
                    []
                    [(Print
                        ()
                        [(StringConstant
                            "running modules_32 program"
                            (Character 1 26 () [])
                        )]
                        ()
                        ()
                    )]
                )
        })
    []
)
