(TranslationUnit
    (SymbolTable
        1
        {
            associate_07:
                (Program
                    (SymbolTable
                        2
                        {
                            p1:
                                (Variable
                                    2
                                    p1
                                    []
                                    Local
                                    (NullPointerConstant
                                        (Pointer
                                            (Integer 4 [])
                                        )
                                    )
                                    ()
                                    Save
                                    (Pointer
                                        (Integer 4 [])
                                    )
                                    Source
                                    Public
                                    Required
                                    .false.
                                ),
                            p2:
                                (Variable
                                    2
                                    p2
                                    []
                                    Local
                                    (NullPointerConstant
                                        (Pointer
                                            (Real 8 [(()
                                            ())
                                            (()
                                            ())])
                                        )
                                    )
                                    ()
                                    Save
                                    (Pointer
                                        (Real 8 [(()
                                        ())
                                        (()
                                        ())])
                                    )
                                    Source
                                    Public
                                    Required
                                    .false.
                                ),
                            p3:
                                (Variable
                                    2
                                    p3
                                    []
                                    Local
                                    (NullPointerConstant
                                        (Pointer
                                            (Complex 4 [(()
                                            ())
                                            (()
                                            ())])
                                        )
                                    )
                                    ()
                                    Save
                                    (Pointer
                                        (Complex 4 [(()
                                        ())
                                        (()
                                        ())])
                                    )
                                    Source
                                    Public
                                    Required
                                    .false.
                                ),
                            t1:
                                (Variable
                                    2
                                    t1
                                    []
                                    Local
                                    (IntegerConstant 2 (Integer 4 []))
                                    ()
                                    Save
                                    (Integer 4 [])
                                    Source
                                    Public
                                    Required
                                    .false.
                                ),
                            t2:
                                (Variable
                                    2
                                    t2
                                    []
                                    Local
                                    ()
                                    ()
                                    Default
                                    (Real 8 [((IntegerConstant 1 (Integer 4 []))
                                    (IntegerConstant 2 (Integer 4 [])))
                                    ((IntegerConstant 1 (Integer 4 []))
                                    (IntegerConstant 3 (Integer 4 [])))])
                                    Source
                                    Public
                                    Required
                                    .false.
                                ),
                            t3:
                                (Variable
                                    2
                                    t3
                                    []
                                    Local
                                    ()
                                    ()
                                    Default
                                    (Complex 4 [((IntegerConstant 1 (Integer 4 []))
                                    (IntegerConstant 2 (Integer 4 [])))
                                    ((IntegerConstant 1 (Integer 4 []))
                                    (IntegerConstant 4 (Integer 4 [])))])
                                    Source
                                    Public
                                    Required
                                    .false.
                                )
                        })
                    associate_07
                    []
                    [(=>
                        (Var 2 p1)
                        (Var 2 t1)
                    )
                    (=>
                        (Var 2 p2)
                        (Var 2 t2)
                    )
                    (If
                        (LogicalNot
                            (Associated
                                (Var 2 p1)
                                ()
                                (Logical 4 [])
                                ()
                            )
                            (Logical 4 [])
                            ()
                        )
                        [(ErrorStop
                            ()
                        )]
                        []
                    )
                    (If
                        (LogicalNot
                            (Associated
                                (Var 2 p2)
                                ()
                                (Logical 4 [])
                                ()
                            )
                            (Logical 4 [])
                            ()
                        )
                        [(ErrorStop
                            ()
                        )]
                        []
                    )
                    (If
                        (LogicalNot
                            (Associated
                                (Var 2 p1)
                                (Var 2 t1)
                                (Logical 4 [])
                                ()
                            )
                            (Logical 4 [])
                            ()
                        )
                        [(ErrorStop
                            ()
                        )]
                        []
                    )
                    (If
                        (LogicalNot
                            (Associated
                                (Var 2 p2)
                                (Var 2 t2)
                                (Logical 4 [])
                                ()
                            )
                            (Logical 4 [])
                            ()
                        )
                        [(ErrorStop
                            ()
                        )]
                        []
                    )
                    (If
                        (Associated
                            (Var 2 p3)
                            ()
                            (Logical 4 [])
                            ()
                        )
                        [(ErrorStop
                            ()
                        )]
                        []
                    )
                    (If
                        (Associated
                            (Var 2 p3)
                            (Var 2 t3)
                            (Logical 4 [])
                            ()
                        )
                        [(ErrorStop
                            ()
                        )]
                        []
                    )]
                )
        })
    []
)
