warning: Different kinds of args in max0 is a non-standard extension
 --> tests/errors/min_01.f90:6:14
  |
6 |     print *, min(y, z)
  |              ^^^^^^^^^ help: ensure all arguments have the same kind to make it standard
