(TranslationUnit 
    (SymbolTable
        1
        {
            iso_fortran_env:
                (IntrinsicModule lfortran_intrinsic_iso_fortran_env), 
            lfortran_intrinsic_builtin:
                (IntrinsicModule lfortran_intrinsic_builtin), 
            lfortran_intrinsic_string:
                (IntrinsicModule lfortran_intrinsic_string), 
            test_scan:
                (Program 
                    (SymbolTable
                        2
                        {
                            scan_kind4:
                                (ExternalSymbol 
                                    2 
                                    scan_kind4 
                                    4 scan_kind4 
                                    lfortran_intrinsic_string 
                                    [] 
                                    scan_kind4 
                                    Private
                                ), 
                            verify_kind4:
                                (ExternalSymbol 
                                    2 
                                    verify_kind4 
                                    4 verify_kind4 
                                    lfortran_intrinsic_string 
                                    [] 
                                    verify_kind4 
                                    Private
                                )
                            
                        }) 
                    test_scan 
                    [] 
                    [(Print 
                        () 
                        [(FunctionCall 
                            2 scan_kind4 
                            () 
                            [((StringConstant 
                                "fortran" 
                                (Character 1 7 () [])
                            ))
                            ((StringConstant 
                                "ao" 
                                (Character 1 2 () [])
                            ))
                            (())] 
                            (Integer 4 []) 
                            () 
                            ()
                        )] 
                        () 
                        ()
                    )
                    (Print 
                        () 
                        [(FunctionCall 
                            2 scan_kind4 
                            () 
                            [((StringConstant 
                                "fortran" 
                                (Character 1 7 () [])
                            ))
                            ((StringConstant 
                                "ao" 
                                (Character 1 2 () [])
                            ))
                            ((LogicalConstant 
                                .true. 
                                (Logical 4 [])
                            ))] 
                            (Integer 4 []) 
                            () 
                            ()
                        )] 
                        () 
                        ()
                    )
                    (Print 
                        () 
                        [(FunctionCall 
                            2 scan_kind4 
                            () 
                            [((StringConstant 
                                "fortran" 
                                (Character 1 7 () [])
                            ))
                            ((StringConstant 
                                "c++" 
                                (Character 1 3 () [])
                            ))
                            (())] 
                            (Integer 4 []) 
                            () 
                            ()
                        )] 
                        () 
                        ()
                    )
                    (Print 
                        () 
                        [(FunctionCall 
                            2 verify_kind4 
                            () 
                            [((StringConstant 
                                "fortran" 
                                (Character 1 7 () [])
                            ))
                            ((StringConstant 
                                "ao" 
                                (Character 1 2 () [])
                            ))
                            (())] 
                            (Integer 4 []) 
                            () 
                            ()
                        )] 
                        () 
                        ()
                    )
                    (Print 
                        () 
                        [(FunctionCall 
                            2 verify_kind4 
                            () 
                            [((StringConstant 
                                "fortran" 
                                (Character 1 7 () [])
                            ))
                            ((StringConstant 
                                "foo" 
                                (Character 1 3 () [])
                            ))
                            (())] 
                            (Integer 4 []) 
                            () 
                            ()
                        )] 
                        () 
                        ()
                    )
                    (Print 
                        () 
                        [(FunctionCall 
                            2 verify_kind4 
                            () 
                            [((StringConstant 
                                "fortran" 
                                (Character 1 7 () [])
                            ))
                            ((StringConstant 
                                "c++" 
                                (Character 1 3 () [])
                            ))
                            (())] 
                            (Integer 4 []) 
                            () 
                            ()
                        )] 
                        () 
                        ()
                    )
                    (Print 
                        () 
                        [(FunctionCall 
                            2 verify_kind4 
                            () 
                            [((StringConstant 
                                "fortran" 
                                (Character 1 7 () [])
                            ))
                            ((StringConstant 
                                "c++" 
                                (Character 1 3 () [])
                            ))
                            ((LogicalConstant 
                                .true. 
                                (Logical 4 [])
                            ))] 
                            (Integer 4 []) 
                            () 
                            ()
                        )] 
                        () 
                        ()
                    )
                    (Print 
                        () 
                        [(FunctionCall 
                            2 verify_kind4 
                            () 
                            [((StringConstant 
                                "fortran" 
                                (Character 1 7 () [])
                            ))
                            ((StringConstant 
                                "fortran" 
                                (Character 1 7 () [])
                            ))
                            (())] 
                            (Integer 4 []) 
                            () 
                            ()
                        )] 
                        () 
                        ()
                    )]
                )
            
        }) 
    []
)
