semantic error: first argument of `ifix` must have kind equals to 4
 --> tests/errors/ifix_01.f90:2:14
  |
2 |     print *, ifix(4.23_8)
  |              ^^^^^^^^^^^^ 
