semantic error: Argument to Ichar must have length one
 --> tests/errors/ichar_01.f90:3:13
  |
3 |     print*, ichar("okay")
  |             ^^^^^^^^^^^^^ 
