(TranslationUnit
    [(Program
        test
        (TriviaNode
            []
            [(EndOfLine)
            (EndOfLine)]
        )
        []
        []
        [(Declaration
            (AttrType
                TypeReal
                []
                ()
                None
            )
            []
            [(x
            []
            []
            ()
            None
            ())]
            (TriviaNode
                []
                [(EndOfLine)
                (EndOfLine)]
            )
        )]
        [(SubroutineCall
            0
            sub
            []
            [(()
            x
            ()
            0)
            (()
            1
            ()
            0)
            (()
            ()
            ()
            100)
            (()
            ()
            ()
            200)]
            []
            ()
        )
        (Print
            0
            ()
            [(String
                "Success:"
            )
            x]
            ()
        )
        (Stop
            0
            ()
            ()
            (TriviaNode
                []
                [(EndOfLine)
                (EndOfLine)]
            )
        )
        (Print
            100
            ()
            [(String
                "Negative input value"
            )]
            ()
        )
        (Stop
            0
            ()
            ()
            (TriviaNode
                []
                [(EndOfLine)
                (EndOfLine)]
            )
        )
        (Print
            200
            ()
            [(String
                "Input value too large"
            )]
            ()
        )
        (Stop
            0
            ()
            ()
            (TriviaNode
                []
                [(EndOfLine)
                (EndOfLine)]
            )
        )]
        []
    )
    (Subroutine
        sub
        [(x)
        (i)
        (())
        (())]
        []
        ()
        ()
        []
        []
        []
        [(Declaration
            (AttrType
                TypeReal
                []
                ()
                None
            )
            [(AttrIntent
                Out
            )]
            [(x
            []
            []
            ()
            None
            ())]
            ()
        )
        (Declaration
            (AttrType
                TypeInteger
                []
                ()
                None
            )
            [(AttrIntent
                In
            )]
            [(i
            []
            []
            ()
            None
            ())]
            ()
        )]
        [(If
            0
            ()
            (< i 0)
            [(Return
                0
                1
                ()
            )]
            []
            ()
            ()
            ()
        )
        (If
            0
            ()
            (> i 10)
            [(Return
                0
                2
                ()
            )]
            []
            ()
            ()
            ()
        )
        (=
            0
            x
            i
            ()
        )]
        []
    )]
)
