(TranslationUnit
    [(Module
        preprocessor_directives1
        ()
        []
        [(ImplicitNone
            []
            ()
        )]
        [(Declaration
            ()
            [(SimpleAttribute
                AttrPrivate
            )]
            []
            (TriviaNode
                []
                [(EndOfLine)
                (EndOfLine)]
            )
        )
        (Declaration
            (AttrType
                TypeCharacter
                [(len
                ()
                Star)]
                ()
                None
            )
            [(SimpleAttribute
                AttrParameter
            )]
            [(pwd_env
            []
            []
            (String
                "PWD"
            )
            Equal
            ())]
            ()
        )
        (Interface
            (InterfaceHeader)
            (TriviaNode
                []
                [(EndOfLine)
                (EndOfLine)]
            )
            [(InterfaceProc
                (Function
                    chdir
                    [(path)]
                    []
                    stat
                    (Bind
                        [C]
                        [(name
                        (String
                            "chdir"
                        ))]
                    )
                    ()
                    []
                    [(Import
                        [c_char
                        c_int]
                        ImportDefault
                        ()
                    )]
                    []
                    [(Declaration
                        (AttrType
                            TypeCharacter
                            [(kind
                            c_char
                            Value)
                            (len
                            1
                            Value)]
                            ()
                            None
                        )
                        [(AttrIntent
                            In
                        )]
                        [(path
                        [(()
                        ()
                        DimensionStar)]
                        []
                        ()
                        None
                        ())]
                        ()
                    )
                    (Declaration
                        (AttrType
                            TypeInteger
                            [(()
                            c_int
                            Value)]
                            ()
                            None
                        )
                        []
                        [(stat
                        []
                        []
                        ()
                        None
                        ())]
                        ()
                    )]
                    []
                    []
                )
            )]
        )]
        []
    )]
)
