semantic error: Subroutine already defined
 --> tests/subroutine2.f90:1:1 - 5:1
  |
1 |    subroutine g
  |    ^^^^^^^^^^^^...
...
  |
5 |    
  | ...^ 
