; ModuleID = 'LFortran'
source_filename = "LFortran"

@0 = private unnamed_addr constant [2 x i8] c" \00", align 1
@1 = private unnamed_addr constant [2 x i8] c"\0A\00", align 1
@2 = private unnamed_addr constant [9 x i8] c"%d%s%d%s\00", align 1
@3 = private unnamed_addr constant [11 x i8] c"ERROR STOP\00", align 1
@4 = private unnamed_addr constant [2 x i8] c"\0A\00", align 1
@5 = private unnamed_addr constant [5 x i8] c"%s%s\00", align 1
@6 = private unnamed_addr constant [11 x i8] c"ERROR STOP\00", align 1
@7 = private unnamed_addr constant [2 x i8] c"\0A\00", align 1
@8 = private unnamed_addr constant [5 x i8] c"%s%s\00", align 1
@9 = private unnamed_addr constant [2 x i8] c" \00", align 1
@10 = private unnamed_addr constant [2 x i8] c"\0A\00", align 1
@11 = private unnamed_addr constant [9 x i8] c"%d%s%d%s\00", align 1
@12 = private unnamed_addr constant [11 x i8] c"ERROR STOP\00", align 1
@13 = private unnamed_addr constant [2 x i8] c"\0A\00", align 1
@14 = private unnamed_addr constant [5 x i8] c"%s%s\00", align 1
@15 = private unnamed_addr constant [11 x i8] c"ERROR STOP\00", align 1
@16 = private unnamed_addr constant [2 x i8] c"\0A\00", align 1
@17 = private unnamed_addr constant [5 x i8] c"%s%s\00", align 1
@18 = private unnamed_addr constant [2 x i8] c" \00", align 1
@19 = private unnamed_addr constant [2 x i8] c"\0A\00", align 1
@20 = private unnamed_addr constant [9 x i8] c"%d%s%d%s\00", align 1
@21 = private unnamed_addr constant [11 x i8] c"ERROR STOP\00", align 1
@22 = private unnamed_addr constant [2 x i8] c"\0A\00", align 1
@23 = private unnamed_addr constant [5 x i8] c"%s%s\00", align 1
@24 = private unnamed_addr constant [11 x i8] c"ERROR STOP\00", align 1
@25 = private unnamed_addr constant [2 x i8] c"\0A\00", align 1
@26 = private unnamed_addr constant [5 x i8] c"%s%s\00", align 1

define i32 @main(i32 %0, i8** %1) {
.entry:
  %i = alloca i32, align 4
  %j = alloca i32, align 4
  call void @_lpython_call_initial_functions(i32 %0, i8** %1)
  %i1 = alloca i32, align 4
  %j2 = alloca i32, align 4
  store i32 1, i32* %i1, align 4
  store i32 1, i32* %j2, align 4
  call void @f(i32* %i1, i32* %j2)
  %2 = load i32, i32* %i1, align 4
  %3 = load i32, i32* %j2, align 4
  call void (i8*, ...) @_lfortran_printf(i8* getelementptr inbounds ([9 x i8], [9 x i8]* @2, i32 0, i32 0), i32 %2, i8* getelementptr inbounds ([2 x i8], [2 x i8]* @0, i32 0, i32 0), i32 %3, i8* getelementptr inbounds ([2 x i8], [2 x i8]* @1, i32 0, i32 0))
  %4 = load i32, i32* %i1, align 4
  %5 = icmp ne i32 %4, 1
  br i1 %5, label %then, label %else

then:                                             ; preds = %.entry
  call void (i8*, ...) @_lcompilers_print_error(i8* getelementptr inbounds ([5 x i8], [5 x i8]* @5, i32 0, i32 0), i8* getelementptr inbounds ([11 x i8], [11 x i8]* @3, i32 0, i32 0), i8* getelementptr inbounds ([2 x i8], [2 x i8]* @4, i32 0, i32 0))
  call void @exit(i32 1)
  br label %ifcont

else:                                             ; preds = %.entry
  br label %ifcont

ifcont:                                           ; preds = %else, %then
  %6 = load i32, i32* %j2, align 4
  %7 = icmp ne i32 %6, 2
  br i1 %7, label %then3, label %else4

then3:                                            ; preds = %ifcont
  call void (i8*, ...) @_lcompilers_print_error(i8* getelementptr inbounds ([5 x i8], [5 x i8]* @8, i32 0, i32 0), i8* getelementptr inbounds ([11 x i8], [11 x i8]* @6, i32 0, i32 0), i8* getelementptr inbounds ([2 x i8], [2 x i8]* @7, i32 0, i32 0))
  call void @exit(i32 1)
  br label %ifcont5

else4:                                            ; preds = %ifcont
  br label %ifcont5

ifcont5:                                          ; preds = %else4, %then3
  call void @g(i32* %i1, i32* %j2)
  %8 = load i32, i32* %i1, align 4
  %9 = load i32, i32* %j2, align 4
  call void (i8*, ...) @_lfortran_printf(i8* getelementptr inbounds ([9 x i8], [9 x i8]* @11, i32 0, i32 0), i32 %8, i8* getelementptr inbounds ([2 x i8], [2 x i8]* @9, i32 0, i32 0), i32 %9, i8* getelementptr inbounds ([2 x i8], [2 x i8]* @10, i32 0, i32 0))
  %10 = load i32, i32* %i1, align 4
  %11 = icmp ne i32 %10, 1
  br i1 %11, label %then6, label %else7

then6:                                            ; preds = %ifcont5
  call void (i8*, ...) @_lcompilers_print_error(i8* getelementptr inbounds ([5 x i8], [5 x i8]* @14, i32 0, i32 0), i8* getelementptr inbounds ([11 x i8], [11 x i8]* @12, i32 0, i32 0), i8* getelementptr inbounds ([2 x i8], [2 x i8]* @13, i32 0, i32 0))
  call void @exit(i32 1)
  br label %ifcont8

else7:                                            ; preds = %ifcont5
  br label %ifcont8

ifcont8:                                          ; preds = %else7, %then6
  %12 = load i32, i32* %j2, align 4
  %13 = icmp ne i32 %12, 0
  br i1 %13, label %then9, label %else10

then9:                                            ; preds = %ifcont8
  call void (i8*, ...) @_lcompilers_print_error(i8* getelementptr inbounds ([5 x i8], [5 x i8]* @17, i32 0, i32 0), i8* getelementptr inbounds ([11 x i8], [11 x i8]* @15, i32 0, i32 0), i8* getelementptr inbounds ([2 x i8], [2 x i8]* @16, i32 0, i32 0))
  call void @exit(i32 1)
  br label %ifcont11

else10:                                           ; preds = %ifcont8
  br label %ifcont11

ifcont11:                                         ; preds = %else10, %then9
  call void @h(i32* %i1, i32* %j2)
  %14 = load i32, i32* %i1, align 4
  %15 = load i32, i32* %j2, align 4
  call void (i8*, ...) @_lfortran_printf(i8* getelementptr inbounds ([9 x i8], [9 x i8]* @20, i32 0, i32 0), i32 %14, i8* getelementptr inbounds ([2 x i8], [2 x i8]* @18, i32 0, i32 0), i32 %15, i8* getelementptr inbounds ([2 x i8], [2 x i8]* @19, i32 0, i32 0))
  %16 = load i32, i32* %i1, align 4
  %17 = icmp ne i32 %16, 1
  br i1 %17, label %then12, label %else13

then12:                                           ; preds = %ifcont11
  call void (i8*, ...) @_lcompilers_print_error(i8* getelementptr inbounds ([5 x i8], [5 x i8]* @23, i32 0, i32 0), i8* getelementptr inbounds ([11 x i8], [11 x i8]* @21, i32 0, i32 0), i8* getelementptr inbounds ([2 x i8], [2 x i8]* @22, i32 0, i32 0))
  call void @exit(i32 1)
  br label %ifcont14

else13:                                           ; preds = %ifcont11
  br label %ifcont14

ifcont14:                                         ; preds = %else13, %then12
  %18 = load i32, i32* %j2, align 4
  %19 = icmp ne i32 %18, 0
  br i1 %19, label %then15, label %else16

then15:                                           ; preds = %ifcont14
  call void (i8*, ...) @_lcompilers_print_error(i8* getelementptr inbounds ([5 x i8], [5 x i8]* @26, i32 0, i32 0), i8* getelementptr inbounds ([11 x i8], [11 x i8]* @24, i32 0, i32 0), i8* getelementptr inbounds ([2 x i8], [2 x i8]* @25, i32 0, i32 0))
  call void @exit(i32 1)
  br label %ifcont17

else16:                                           ; preds = %ifcont14
  br label %ifcont17

ifcont17:                                         ; preds = %else16, %then15
  br label %return

return:                                           ; preds = %ifcont17
  ret i32 0
}

define void @f(i32* %a, i32* %b) {
.entry:
  %0 = load i32, i32* %a, align 4
  %1 = add i32 %0, 1
  store i32 %1, i32* %b, align 4
  br label %return

return:                                           ; preds = %.entry
  ret void
}

define void @g(i32* %a, i32* %b) {
.entry:
  %0 = load i32, i32* %a, align 4
  %1 = sub i32 %0, 1
  store i32 %1, i32* %b, align 4
  br label %return

return:                                           ; preds = %.entry
  ret void
}

define void @h(i32* %a, i32* %b) {
.entry:
  call void @g(i32* %a, i32* %b)
  br label %return

return:                                           ; preds = %.entry
  ret void
}

declare void @_lpython_call_initial_functions(i32, i8**)

declare void @_lfortran_printf(i8*, ...)

declare void @_lcompilers_print_error(i8*, ...)

declare void @exit(i32)
