(TranslationUnit (SymbolTable 1 {f1: (Function (SymbolTable 2 {}) f1 (FunctionType [] () GFortranModule Interface () .false. .false. .false. .false. .false. [] [] .false.) [] [] [] () Public), f2: (Function (SymbolTable 3 {}) f2 (FunctionType [] () GFortranModule Interface () .false. .false. .false. .false. .false. [] [] .false.) [] [] [] () Public), f2b: (Function (SymbolTable 4 {}) f2b (FunctionType [] () GFortranModule Interface () .false. .false. .false. .false. .false. [] [] .false.) [] [] [] () Public), f3: (Function (SymbolTable 5 {}) f3 (FunctionType [] () GFortranModule Interface () .false. .false. .false. .false. .false. [] [] .false.) [] [] [] () Public), f3b: (Function (SymbolTable 6 {}) f3b (FunctionType [] () GFortranModule Interface () .false. .false. .false. .false. .false. [] [] .false.) [] [] [] () Public), f4: (Function (SymbolTable 7 {}) f4 (FunctionType [] () GFortranModule Interface () .false. .false. .false. .false. .false. [] [] .false.) [] [] [] () Public), f5b: (Function (SymbolTable 8 {}) f5b (FunctionType [] () GFortranModule Interface () .false. .false. .false. .false. .false. [] [] .false.) [] [] [] () Public)}) [])
